// Jest Snapshot v1, https://goo.gl/fbAQLP

exports[`Cart Component render correctly Cart component 1`] = `
<aside
  className="cart cart--open"
>
  <div
    className="cart__header"
  >
    <span
      className="title"
    >
      Meu Carrinho
    </span>
    <svg
      className="close-btn"
      enableBackground="new 0 0 413.348 413.348"
      onClick={[Function]}
      viewBox="0 0 413.348 413.348"
      width="30px"
      xmlns="http://www.w3.org/2000/svg"
    >
      <path
        d="m413.348 24.354-24.354-24.354-182.32 182.32-182.32-182.32-24.354 24.354 182.32 182.32-182.32 182.32 24.354 24.354 182.32-182.32 182.32 182.32 24.354-24.354-182.32-182.32z"
      />
    </svg>
  </div>
  <div
    className="cart__content"
  >
    <div
      className="product-card product-card--cart"
    >
      <div
        className="product-card__content"
      >
        <div
          className="product-card__image"
        >
          <img
            alt="Imagem de undefined"
          />
        </div>
        <div
          className="product-card__description"
        >
          <h4
            className="product-card__title"
          />
          <p
            className="product-card__price"
          >
            R$ 
          </p>
        </div>
      </div>
      <div
        className="product-card__actions"
      >
        <div
          className="quantity"
        >
          <div
            className="quantity__minus"
            onClick={[Function]}
          >
            -
          </div>
          <div
            className="quantity__value"
          >
            0
          </div>
          <div
            className="quantity__plus"
            onClick={[Function]}
          >
            +
          </div>
        </div>
        <a
          href=""
        >
          Excluir
        </a>
      </div>
    </div>
    <div
      className="product-card product-card--cart"
    >
      <div
        className="product-card__content"
      >
        <div
          className="product-card__image"
        >
          <img
            alt="Imagem de undefined"
          />
        </div>
        <div
          className="product-card__description"
        >
          <h4
            className="product-card__title"
          />
          <p
            className="product-card__price"
          >
            R$ 
          </p>
        </div>
      </div>
      <div
        className="product-card__actions"
      >
        <div
          className="quantity"
        >
          <div
            className="quantity__minus"
            onClick={[Function]}
          >
            -
          </div>
          <div
            className="quantity__value"
          >
            0
          </div>
          <div
            className="quantity__plus"
            onClick={[Function]}
          >
            +
          </div>
        </div>
        <a
          href=""
        >
          Excluir
        </a>
      </div>
    </div>
    <div
      className="product-card product-card--cart"
    >
      <div
        className="product-card__content"
      >
        <div
          className="product-card__image"
        >
          <img
            alt="Imagem de undefined"
          />
        </div>
        <div
          className="product-card__description"
        >
          <h4
            className="product-card__title"
          />
          <p
            className="product-card__price"
          >
            R$ 
          </p>
        </div>
      </div>
      <div
        className="product-card__actions"
      >
        <div
          className="quantity"
        >
          <div
            className="quantity__minus"
            onClick={[Function]}
          >
            -
          </div>
          <div
            className="quantity__value"
          >
            0
          </div>
          <div
            className="quantity__plus"
            onClick={[Function]}
          >
            +
          </div>
        </div>
        <a
          href=""
        >
          Excluir
        </a>
      </div>
    </div>
    <div
      className="product-card product-card--cart"
    >
      <div
        className="product-card__content"
      >
        <div
          className="product-card__image"
        >
          <img
            alt="Imagem de undefined"
          />
        </div>
        <div
          className="product-card__description"
        >
          <h4
            className="product-card__title"
          />
          <p
            className="product-card__price"
          >
            R$ 
          </p>
        </div>
      </div>
      <div
        className="product-card__actions"
      >
        <div
          className="quantity"
        >
          <div
            className="quantity__minus"
            onClick={[Function]}
          >
            -
          </div>
          <div
            className="quantity__value"
          >
            0
          </div>
          <div
            className="quantity__plus"
            onClick={[Function]}
          >
            +
          </div>
        </div>
        <a
          href=""
        >
          Excluir
        </a>
      </div>
    </div>
    <div
      className="product-card product-card--cart"
    >
      <div
        className="product-card__content"
      >
        <div
          className="product-card__image"
        >
          <img
            alt="Imagem de undefined"
          />
        </div>
        <div
          className="product-card__description"
        >
          <h4
            className="product-card__title"
          />
          <p
            className="product-card__price"
          >
            R$ 
          </p>
        </div>
      </div>
      <div
        className="product-card__actions"
      >
        <div
          className="quantity"
        >
          <div
            className="quantity__minus"
            onClick={[Function]}
          >
            -
          </div>
          <div
            className="quantity__value"
          >
            0
          </div>
          <div
            className="quantity__plus"
            onClick={[Function]}
          >
            +
          </div>
        </div>
        <a
          href=""
        >
          Excluir
        </a>
      </div>
    </div>
  </div>
  <div
    className="cart__total"
  >
    <span>
      Total a pagar:
    </span>
    <strong
      className="total-amount"
    >
      R$ 9,50
    </strong>
  </div>
</aside>
`;
